// Jest Snapshot v1, https://goo.gl/fbAQLP

exports[`Review form component renders the UI as expected 1`] = `
<div
  className="gen-form"
>
  <form
    onSubmit={[Function]}
  >
    <label
      htmlFor="email"
    >
      Email: 
    </label>
    <input
      name="email"
      type="text"
    />
    <button
      type="submit"
    >
      Recover password
    </button>
  </form>
</div>
`;

exports[`Review form component renders the UI as expected with no unreads 1`] = `
<div
  className="gen-form"
>
  <form
    onSubmit={[Function]}
  >
    <label
      htmlFor="email"
    >
      Email: 
    </label>
    <input
      name="email"
      type="text"
    />
    <button
      type="submit"
    >
      Recover password
    </button>
  </form>
</div>
`;
